[2.0.0-dev] 2026-08-12

- 从 `v1.0.0-beta.1` 冻结基线开始声格 VoiceGrid 多模块开发。
- 新模块采用独立安装、独立运行时和共享项目资源架构。

[1.0.0-beta.1] 2026-08-12

- 将开始制作多模块工作站前的最后一个单模块版本冻结为“1.0 Beta”。
- 统一窗口、启动页、接口、前端清单、文档和构建编号中的版本信息。
- Windows 系统图标改为深色圆角方形底与荧光黄绿波形主体；应用内和启动页图标保持不变。

[2.0.0-dev] 2026-08-11

- 将参考音频裁剪按钮移入波形下方播放工具栏，与播放、回到起点控件统一排列；移除无操作意义的喇叭图标，并重新调整图标尺寸与间距。
- 缩小“当前输出”资源图标并改为弱强调方形样式，避免与真正的播放按钮争抢视觉层级。
- 优化项目中心：最近项目卡片整块可点击进入，右下角增加带二次确认的“删除项目”，并补齐项目目录、任务及历史索引清理接口。
- 重做参考音频裁剪：点击剪刀在真实波形上显示可平移选区，左右把手可直接伸缩裁剪范围，播放轨道与时间行继续独立显示。
- 精简生成与交付区图标：当前输出使用波形标识，历史记录使用音频文件标识，播放三角仅保留在真正执行播放的控件中。
- 优化浅色主题：提亮成功状态绿色；可恢复项目标签改用蓝紫信息色，移除与白蓝紫主题不协调的肉色状态背景。
- 更新项目中心功能说明，改为面向实际配音流程的产品文案。
- 修正前端源码忽略规则，项目中心源码纳入本地 Git 管理；本轮开发固定在 feature/workflow-polish-20260812 分支。
- D:\MOSS-TTS-v1.5-Portable 正式版目录继续保持只读，所有开发文件、构建产物和测试改动仅保留在 D:\MOSS-TTS-Test-Version。
- 将唯一开发目录迁移到 D:\MOSS-TTS-Test-Version；正式 1.0 目录及模型连接目标保持只读。
- 建立 archive/pre-rebuild-20260811，归档旧前端、后端、推理、桌面宿主、配置、测试、旧数据与概念图；生成归档清单、排除清单和 SHA-256 校验。
- 完全移除 Gradio 前端，使用 React、TypeScript、Vite、React Router、CSS Modules 和 Lucide 从空白结构重建。
- 新建项目中心、三栏工作台和底部高级参数轨道；支持 1600×1000、1280×800、1040×700，页面无横向溢出。
- 建立炭黑荧光深色主题与纯白 AI 蓝紫浅色主题；所有颜色集中在 ThemeDefinition 和 CSS 语义令牌中。
- 重建参考音频工作流：上传即用、质量检测、真实波形、试听、时间行、播放轨道、裁剪轨道、保存、重命名和删除。
- 重建表演设定：语言、内置风格、自定义情感提示、自定义风格保存与删除；内置风格受保护。
- 修复粘贴文本后切分预览需要补空格才刷新的问题；文本输入事件会立即计算切分。
- 重建输出工程：WAV/FLAC、采样率、位深、声道、LUFS、文件名模板和输出目录。
- 重建任务队列、当前输出和持久化历史；生成结果先原子落盘并写入历史，再推送完成事件。
- 新建 SQLite WAL 数据层和无 BOM UTF-8 项目文件；项目文件原子写入，SQLite 索引可从项目文件重建。
- 修复 Windows 并发自动保存与打开项目时的临时文件竞争，读改写全程加锁并增加并发回归测试。
- 新建 /api/v2，覆盖 bootstrap、projects、voices、styles、tasks、runtime/system、artifacts 和 SSE 实时事件。
- 从头重写 MOSS-TTS 1.5 4B 推理服务：完全离线、CUDA、SDPA、参考音色缓存、分阶段显存调度、串行任务、安全取消和手动释放显存。
- 修复 MOSS 自定义 Processor 不接受 local_files_only 的加载兼容问题；模型主体继续使用本地路径和离线限制。
- 自动清理任务产生的裁剪临时音频和推理原始 WAV，避免长期运行堆积。
- “标准”固定为 400 字/120 秒并默认启用；“兼容”固定为 90 字/20 秒；保留全部高级参数及逐项说明。
- 新建硬件仪表盘，实时显示 CPU、内存、GPU、显存、Python、Windows、当前模型、设备精度和注意力实现；浮层自动避让窗口边界。
- 重建无控制台 PyWebView2 宿主、系统托盘、单实例唤醒、关闭隐藏和托盘真正退出逻辑。
- 重构启动链：0.3 秒级显示独立原生品牌启动页，FastAPI、数据库、硬件监控和托盘全部延后到后台初始化。
- 增加 Windows 命名互斥锁、持久 WebView2 配置、启动期直接退出、主页面关闭隐藏和内部旧启动链回滚入口。
- 新增毫秒级启动轨迹、WM_NULL/IsHungAppWindow 100ms 响应监测、超过 250ms 自动线程栈以及 5 秒慢启动诊断操作。
- 新增轻量 /api/v2/health 与 /api/v2/bootstrap/core；前端拆分 core、projects、voices、styles、runtime、metrics 六类资源状态，工作台改为路由懒加载。
- 数据库正常时直接使用 SQLite 项目索引并后台核对项目文件；项目列表改为单次聚合查询，200 个项目不再触发逐项目读取。
- nvidia-smi 移入独立监控线程；健康接口、SSE 和首屏不再同步等待硬件检测。
- 将音频工程化依赖 SciPy 延迟到真实生成任务中导入，启动过程不再加载模型或重型后处理模块。
- 修复 pywebview 对公开宿主对象图递归扫描导致的偶发 20 秒冷启动，并增加 WebView2 + React 双重就绪门。
- 建立 startup-lab，覆盖 0/1/50/200 项目、数据库损坏、端口占用、后端/硬件/托盘/WebView2 故障和 WER AppHang 检查。
- 完成 20 次冷启动、20 次热启动和 20 次实例唤醒：最慢主页面 2.41 秒、最慢启动页 0.75 秒、最慢唤醒 0.321 秒，0 次窗口挂起和 0 个新增 AppHang。
- 清理独立 Ark UI 测试区 `ui-lab` 及其预览源码、构建产物、依赖和测试启动文件；保留当前 2.0 使用的 `design-system` 文档。
- 按专业工作站定位移除主页面左上角的“跳到主要内容”无障碍跳转链接及其专用样式。
- 精简品牌启动页为紧凑无边框窗口，移除 Windows 白色标题栏及最小化/关闭按钮；启动阶段、分段进度、详情与耗时改为底部无卡片状态带，并保留无边框拖动与慢启动诊断操作。
- 修复主页面进入后位置不居中：按主屏任务栏工作区自适应窗口尺寸并计算明确坐标，隐藏窗口就绪后按“恢复、调整尺寸、居中、显示”顺序呈现。
- 启动 BAT 固定为纯 ASCII + CRLF；源码、配置、项目文件固定为无 BOM UTF-8，并新增 U+FFFD 替代字符检测。
- 完成真实模型短句测试：MOSS-TTS 1.5 4B 在 CUDA / FP16 / SDPA 下成功生成 3.52 秒、48 kHz、24-bit WAV，历史、试听与下载链路正常。
- 当前仍为开发测试版；用户验收前不构建正式 EXE 或 ZIP 分发包。
声格 VoiceGrid 2.0.0-dev（2026-08-12）
- 将自然语速替换为基于 MOSS 官方 tokens 的单段目标时长控制。
- 每条输出保存风格、提示词、文本片段、参数和目标时长生成快照。
- 合并任务队列与输出历史为统一活动流，三栏采用独立常显滚动区域。
- 最大化窗口限制在当前显示器工作区，不再遮挡 Windows 任务栏。
- 产品更名为“声格 VoiceGrid”，作者注册为 Wang Xiaohan。
- 新增波形与像素方块组合的主题同步 SVG 及纯白多尺寸桌面/托盘图标。
